[INFO] Scanning for projects...
[INFO] 
[INFO] -----------------------< com.ecommerce:backend >------------------------
[INFO] Building ecommerce-backend 0.0.1-SNAPSHOT
[INFO]   from pom.xml
[INFO] --------------------------------[ jar ]---------------------------------
[INFO] 
[INFO] --- clean:3.3.2:clean (default-clean) @ backend ---
[INFO] Deleting C:\Users\ferna\.gemini\antigravity\scratch\ecommerce-backend\target
[INFO] 
[INFO] --- resources:3.3.1:resources (default-resources) @ backend ---
[INFO] Copying 1 resource from src\main\resources to target\classes
[INFO] Copying 0 resource from src\main\resources to target\classes
[INFO] 
[INFO] --- compiler:3.11.0:compile (default-compile) @ backend ---
[INFO] Changes detected - recompiling the module! :source
[INFO] Compiling 69 source files with javac [debug release 17] to target\classes
[INFO] Some messages have been simplified; recompile with -Xdiags:verbose to get full output
[INFO] -------------------------------------------------------------
[ERROR] COMPILATION ERROR : 
[INFO] -------------------------------------------------------------
[ERROR] /C:/Users/ferna/.gemini/antigravity/scratch/ecommerce-backend/src/main/java/com/ecommerce/application/mapper/CustomerMapper.java:[24,16] incompatible types: inference variable T has incompatible bounds
    equality constraints: java.lang.String
    lower bounds: java.lang.Object
[ERROR] /C:/Users/ferna/.gemini/antigravity/scratch/ecommerce-backend/src/main/java/com/ecommerce/application/mapper/CustomerMapper.java:[25,38] cannot find symbol
  symbol:   method getName()
  location: variable role of type com.ecommerce.domain.model.UserRole
[INFO] 2 errors 
[INFO] -------------------------------------------------------------
[INFO] ------------------------------------------------------------------------
[INFO] BUILD FAILURE
[INFO] ------------------------------------------------------------------------
[INFO] Total time:  7.687 s
[INFO] Finished at: 2026-02-02T21:57:26-03:00
[INFO] ------------------------------------------------------------------------
[ERROR] Failed to execute goal org.apache.maven.plugins:maven-compiler-plugin:3.11.0:compile (default-compile) on project backend: Compilation failure: Compilation failure: 
[ERROR] /C:/Users/ferna/.gemini/antigravity/scratch/ecommerce-backend/src/main/java/com/ecommerce/application/mapper/CustomerMapper.java:[24,16] incompatible types: inference variable T has incompatible bounds
[ERROR]     equality constraints: java.lang.String
[ERROR]     lower bounds: java.lang.Object
[ERROR] /C:/Users/ferna/.gemini/antigravity/scratch/ecommerce-backend/src/main/java/com/ecommerce/application/mapper/CustomerMapper.java:[25,38] cannot find symbol
[ERROR]   symbol:   method getName()
[ERROR]   location: variable role of type com.ecommerce.domain.model.UserRole
[ERROR] -> [Help 1]
[ERROR] 
[ERROR] To see the full stack trace of the errors, re-run Maven with the -e switch.
[ERROR] Re-run Maven using the -X switch to enable full debug logging.
[ERROR] 
[ERROR] For more information about the errors and possible solutions, please read the following articles:
[ERROR] [Help 1] http://cwiki.apache.org/confluence/display/MAVEN/MojoFailureException
